2026-05-31 17:28:49.796 | INFO     | src.modules.mq_connection_manager:connect:19 - Connecting to RabbitMQ (Attempt 1/5)...
2026-05-31 17:28:49.826 | WARNING  | src.modules.mq_connection_manager:connect:29 - RabbitMQ connection failed on attempt 1: [Errno 111] Connect call failed ('172.18.0.3', 5672)
2026-05-31 17:28:54.832 | INFO     | src.modules.mq_connection_manager:connect:19 - Connecting to RabbitMQ (Attempt 2/5)...
2026-05-31 17:28:54.837 | INFO     | src.modules.mq_connection_manager:connect:26 - RabbitMQ successfully connected and channel initialized.
2026-05-31 17:28:54.841 | INFO     | __main__:connect_message_queues:44 - RabbitMQ message queues/exchanges declared.
2026-05-31 17:28:54.842 | INFO     | __main__:run:234 - Broker worker started. Press Ctrl+C to exit.
2026-05-31 17:28:59.842 | INFO     | __main__:_print_stats:52 - Available workers: 0, Pending requests: 0
2026-05-31 17:29:04.847 | INFO     | __main__:_print_stats:52 - Available workers: 0, Pending requests: 0
2026-05-31 17:29:09.854 | INFO     | __main__:_print_stats:52 - Available workers: 0, Pending requests: 0
2026-05-31 17:29:14.858 | INFO     | __main__:_print_stats:52 - Available workers: 0, Pending requests: 0
2026-05-31 17:29:19.864 | INFO     | __main__:_print_stats:52 - Available workers: 0, Pending requests: 0
2026-05-31 17:29:24.865 | INFO     | __main__:_print_stats:52 - Available workers: 0, Pending requests: 0
2026-05-31 17:29:29.870 | INFO     | __main__:_print_stats:52 - Available workers: 0, Pending requests: 0
2026-05-31 17:29:34.876 | INFO     | __main__:_print_stats:52 - Available workers: 0, Pending requests: 0
2026-05-31 17:29:39.881 | INFO     | __main__:_print_stats:52 - Available workers: 0, Pending requests: 0
2026-05-31 17:29:44.887 | INFO     | __main__:_print_stats:52 - Available workers: 0, Pending requests: 0
2026-05-31 17:29:49.893 | INFO     | __main__:_print_stats:52 - Available workers: 0, Pending requests: 0
2026-05-31 17:29:54.894 | INFO     | __main__:_print_stats:52 - Available workers: 0, Pending requests: 0
2026-05-31 17:29:59.900 | INFO     | __main__:_print_stats:52 - Available workers: 0, Pending requests: 0
2026-05-31 17:30:04.905 | INFO     | __main__:_print_stats:52 - Available workers: 0, Pending requests: 0
2026-05-31 17:30:09.911 | INFO     | __main__:_print_stats:52 - Available workers: 0, Pending requests: 0
2026-05-31 17:30:14.916 | INFO     | __main__:_print_stats:52 - Available workers: 0, Pending requests: 0
2026-05-31 17:30:19.921 | INFO     | __main__:_print_stats:52 - Available workers: 0, Pending requests: 0
2026-05-31 17:30:24.922 | INFO     | __main__:_print_stats:52 - Available workers: 0, Pending requests: 0
2026-05-31 17:30:29.928 | INFO     | __main__:_print_stats:52 - Available workers: 0, Pending requests: 0
2026-05-31 17:30:34.933 | INFO     | __main__:_print_stats:52 - Available workers: 0, Pending requests: 0
2026-05-31 17:30:39.939 | INFO     | __main__:_print_stats:52 - Available workers: 0, Pending requests: 0
2026-05-31 17:30:44.944 | INFO     | __main__:_print_stats:52 - Available workers: 0, Pending requests: 0
2026-05-31 17:30:49.949 | INFO     | __main__:_print_stats:52 - Available workers: 0, Pending requests: 0
2026-05-31 17:30:54.951 | INFO     | __main__:_print_stats:52 - Available workers: 0, Pending requests: 0
2026-05-31 17:30:59.957 | INFO     | __main__:_print_stats:52 - Available workers: 0, Pending requests: 0
2026-05-31 17:31:04.962 | INFO     | __main__:_print_stats:52 - Available workers: 0, Pending requests: 0
2026-05-31 17:31:09.968 | INFO     | __main__:_print_stats:52 - Available workers: 0, Pending requests: 0
2026-05-31 17:31:14.969 | INFO     | __main__:_print_stats:52 - Available workers: 0, Pending requests: 0
2026-05-31 17:31:19.974 | INFO     | __main__:_print_stats:52 - Available workers: 0, Pending requests: 0
2026-05-31 17:31:24.975 | INFO     | __main__:_print_stats:52 - Available workers: 0, Pending requests: 0
2026-05-31 17:31:29.979 | INFO     | __main__:_print_stats:52 - Available workers: 0, Pending requests: 0
2026-05-31 17:31:34.984 | INFO     | __main__:_print_stats:52 - Available workers: 0, Pending requests: 0
2026-05-31 17:31:39.990 | INFO     | __main__:_print_stats:52 - Available workers: 0, Pending requests: 0
2026-05-31 17:31:44.995 | INFO     | __main__:_print_stats:52 - Available workers: 0, Pending requests: 0
2026-05-31 17:31:50.001 | INFO     | __main__:_print_stats:52 - Available workers: 0, Pending requests: 0
2026-05-31 17:31:55.003 | INFO     | __main__:_print_stats:52 - Available workers: 0, Pending requests: 0
2026-05-31 17:32:00.008 | INFO     | __main__:_print_stats:52 - Available workers: 0, Pending requests: 0
2026-05-31 17:32:05.014 | INFO     | __main__:_print_stats:52 - Available workers: 0, Pending requests: 0
2026-05-31 17:32:10.015 | INFO     | __main__:_print_stats:52 - Available workers: 0, Pending requests: 0
2026-05-31 17:32:15.019 | INFO     | __main__:_print_stats:52 - Available workers: 0, Pending requests: 0
2026-05-31 17:32:20.025 | INFO     | __main__:_print_stats:52 - Available workers: 0, Pending requests: 0
2026-05-31 17:32:25.026 | INFO     | __main__:_print_stats:52 - Available workers: 0, Pending requests: 0
2026-05-31 17:32:30.032 | INFO     | __main__:_print_stats:52 - Available workers: 0, Pending requests: 0
2026-05-31 17:32:35.038 | INFO     | __main__:_print_stats:52 - Available workers: 0, Pending requests: 0
2026-05-31 17:32:40.039 | INFO     | __main__:_print_stats:52 - Available workers: 0, Pending requests: 0
2026-05-31 17:32:45.043 | INFO     | __main__:_print_stats:52 - Available workers: 0, Pending requests: 0
2026-05-31 17:32:50.049 | INFO     | __main__:_print_stats:52 - Available workers: 0, Pending requests: 0
2026-05-31 17:32:55.050 | INFO     | __main__:_print_stats:52 - Available workers: 0, Pending requests: 0
2026-05-31 17:33:00.056 | INFO     | __main__:_print_stats:52 - Available workers: 0, Pending requests: 0
2026-05-31 17:33:05.061 | INFO     | __main__:_print_stats:52 - Available workers: 0, Pending requests: 0
2026-05-31 17:33:10.067 | INFO     | __main__:_print_stats:52 - Available workers: 0, Pending requests: 0
2026-05-31 17:33:15.071 | INFO     | __main__:_print_stats:52 - Available workers: 0, Pending requests: 0
2026-05-31 17:33:20.075 | INFO     | __main__:_print_stats:52 - Available workers: 0, Pending requests: 0
2026-05-31 17:33:25.077 | INFO     | __main__:_print_stats:52 - Available workers: 0, Pending requests: 0
2026-05-31 17:33:30.083 | INFO     | __main__:_print_stats:52 - Available workers: 0, Pending requests: 0
2026-05-31 17:33:35.085 | INFO     | __main__:_print_stats:52 - Available workers: 0, Pending requests: 0
2026-05-31 17:33:40.091 | INFO     | __main__:_print_stats:52 - Available workers: 0, Pending requests: 0
2026-05-31 17:33:45.096 | INFO     | __main__:_print_stats:52 - Available workers: 0, Pending requests: 0
2026-05-31 17:33:50.102 | INFO     | __main__:_print_stats:52 - Available workers: 0, Pending requests: 0
2026-05-31 17:33:55.103 | INFO     | __main__:_print_stats:52 - Available workers: 0, Pending requests: 0
2026-05-31 17:34:00.109 | INFO     | __main__:_print_stats:52 - Available workers: 0, Pending requests: 0
2026-05-31 17:34:05.115 | INFO     | __main__:_print_stats:52 - Available workers: 0, Pending requests: 0
2026-05-31 17:34:10.121 | INFO     | __main__:_print_stats:52 - Available workers: 0, Pending requests: 0
2026-05-31 17:34:15.126 | INFO     | __main__:_print_stats:52 - Available workers: 0, Pending requests: 0
2026-05-31 17:34:20.131 | INFO     | __main__:_print_stats:52 - Available workers: 0, Pending requests: 0
2026-05-31 17:34:25.133 | INFO     | __main__:_print_stats:52 - Available workers: 0, Pending requests: 0
2026-05-31 17:34:30.139 | INFO     | __main__:_print_stats:52 - Available workers: 0, Pending requests: 0
2026-05-31 17:34:35.145 | INFO     | __main__:_print_stats:52 - Available workers: 0, Pending requests: 0
2026-05-31 17:34:40.151 | INFO     | __main__:_print_stats:52 - Available workers: 0, Pending requests: 0
2026-05-31 17:34:45.155 | INFO     | __main__:_print_stats:52 - Available workers: 0, Pending requests: 0
2026-05-31 17:34:50.160 | INFO     | __main__:_print_stats:52 - Available workers: 0, Pending requests: 0
2026-05-31 17:34:55.161 | INFO     | __main__:_print_stats:52 - Available workers: 0, Pending requests: 0
2026-05-31 17:35:00.167 | INFO     | __main__:_print_stats:52 - Available workers: 0, Pending requests: 0
2026-05-31 17:35:05.171 | INFO     | __main__:_print_stats:52 - Available workers: 0, Pending requests: 0
2026-05-31 17:35:10.177 | INFO     | __main__:_print_stats:52 - Available workers: 0, Pending requests: 0
2026-05-31 17:35:15.181 | INFO     | __main__:_print_stats:52 - Available workers: 0, Pending requests: 0
2026-05-31 17:35:20.186 | INFO     | __main__:_print_stats:52 - Available workers: 0, Pending requests: 0
2026-05-31 17:35:25.189 | INFO     | __main__:_print_stats:52 - Available workers: 0, Pending requests: 0
2026-05-31 17:35:30.191 | INFO     | __main__:_print_stats:52 - Available workers: 0, Pending requests: 0
2026-05-31 17:35:35.196 | INFO     | __main__:_print_stats:52 - Available workers: 0, Pending requests: 0
2026-05-31 17:35:40.203 | INFO     | __main__:_print_stats:52 - Available workers: 0, Pending requests: 0
2026-05-31 17:35:45.206 | INFO     | __main__:_print_stats:52 - Available workers: 0, Pending requests: 0
2026-05-31 17:35:50.212 | INFO     | __main__:_print_stats:52 - Available workers: 0, Pending requests: 0
2026-05-31 17:35:55.214 | INFO     | __main__:_print_stats:52 - Available workers: 0, Pending requests: 0
2026-05-31 17:36:00.219 | INFO     | __main__:_print_stats:52 - Available workers: 0, Pending requests: 0
2026-05-31 17:36:05.225 | INFO     | __main__:_print_stats:52 - Available workers: 0, Pending requests: 0
2026-05-31 17:36:10.231 | INFO     | __main__:_print_stats:52 - Available workers: 0, Pending requests: 0
2026-05-31 17:36:15.236 | INFO     | __main__:_print_stats:52 - Available workers: 0, Pending requests: 0
2026-05-31 17:36:20.241 | INFO     | __main__:_print_stats:52 - Available workers: 0, Pending requests: 0
2026-05-31 17:36:25.243 | INFO     | __main__:_print_stats:52 - Available workers: 0, Pending requests: 0
2026-05-31 17:36:30.249 | INFO     | __main__:_print_stats:52 - Available workers: 0, Pending requests: 0
2026-05-31 17:36:35.254 | INFO     | __main__:_print_stats:52 - Available workers: 0, Pending requests: 0
2026-05-31 17:36:40.260 | INFO     | __main__:_print_stats:52 - Available workers: 0, Pending requests: 0
2026-05-31 17:36:45.265 | INFO     | __main__:_print_stats:52 - Available workers: 0, Pending requests: 0
2026-05-31 17:36:50.270 | INFO     | __main__:_print_stats:52 - Available workers: 0, Pending requests: 0
2026-05-31 17:36:55.272 | INFO     | __main__:_print_stats:52 - Available workers: 0, Pending requests: 0
2026-05-31 17:37:00.277 | INFO     | __main__:_print_stats:52 - Available workers: 0, Pending requests: 0
2026-05-31 17:37:05.283 | INFO     | __main__:_print_stats:52 - Available workers: 0, Pending requests: 0
2026-05-31 17:37:10.287 | INFO     | __main__:_print_stats:52 - Available workers: 0, Pending requests: 0
2026-05-31 17:37:15.292 | INFO     | __main__:_print_stats:52 - Available workers: 0, Pending requests: 0
2026-05-31 17:37:20.298 | INFO     | __main__:_print_stats:52 - Available workers: 0, Pending requests: 0
2026-05-31 17:37:25.299 | INFO     | __main__:_print_stats:52 - Available workers: 0, Pending requests: 0
2026-05-31 17:37:30.303 | INFO     | __main__:_print_stats:52 - Available workers: 0, Pending requests: 0
2026-05-31 17:37:35.308 | INFO     | __main__:_print_stats:52 - Available workers: 0, Pending requests: 0
2026-05-31 17:37:40.311 | INFO     | __main__:_print_stats:52 - Available workers: 0, Pending requests: 0
2026-05-31 17:37:45.313 | INFO     | __main__:_print_stats:52 - Available workers: 0, Pending requests: 0
2026-05-31 17:37:50.314 | INFO     | __main__:_print_stats:52 - Available workers: 0, Pending requests: 0
2026-05-31 17:37:55.318 | INFO     | __main__:_print_stats:52 - Available workers: 0, Pending requests: 0
2026-05-31 17:38:00.323 | INFO     | __main__:_print_stats:52 - Available workers: 0, Pending requests: 0
2026-05-31 17:38:05.329 | INFO     | __main__:_print_stats:52 - Available workers: 0, Pending requests: 0
2026-05-31 17:38:10.335 | INFO     | __main__:_print_stats:52 - Available workers: 0, Pending requests: 0
2026-05-31 17:38:15.340 | INFO     | __main__:_print_stats:52 - Available workers: 0, Pending requests: 0
2026-05-31 17:38:20.344 | INFO     | __main__:_print_stats:52 - Available workers: 0, Pending requests: 0
2026-05-31 17:38:25.346 | INFO     | __main__:_print_stats:52 - Available workers: 0, Pending requests: 0
2026-05-31 17:38:30.352 | INFO     | __main__:_print_stats:52 - Available workers: 0, Pending requests: 0
2026-05-31 17:38:35.357 | INFO     | __main__:_print_stats:52 - Available workers: 0, Pending requests: 0
2026-05-31 17:38:40.363 | INFO     | __main__:_print_stats:52 - Available workers: 0, Pending requests: 0
2026-05-31 17:38:45.367 | INFO     | __main__:_print_stats:52 - Available workers: 0, Pending requests: 0
2026-05-31 17:38:50.373 | INFO     | __main__:_print_stats:52 - Available workers: 0, Pending requests: 0
2026-05-31 17:38:55.374 | INFO     | __main__:_print_stats:52 - Available workers: 0, Pending requests: 0
2026-05-31 17:39:00.380 | INFO     | __main__:_print_stats:52 - Available workers: 0, Pending requests: 0
2026-05-31 17:39:05.386 | INFO     | __main__:_print_stats:52 - Available workers: 0, Pending requests: 0
2026-05-31 17:39:10.391 | INFO     | __main__:_print_stats:52 - Available workers: 0, Pending requests: 0
2026-05-31 17:39:15.396 | INFO     | __main__:_print_stats:52 - Available workers: 0, Pending requests: 0
2026-05-31 17:39:20.401 | INFO     | __main__:_print_stats:52 - Available workers: 0, Pending requests: 0
2026-05-31 17:39:25.403 | INFO     | __main__:_print_stats:52 - Available workers: 0, Pending requests: 0
2026-05-31 17:39:30.409 | INFO     | __main__:_print_stats:52 - Available workers: 0, Pending requests: 0
2026-05-31 17:39:35.411 | INFO     | __main__:_print_stats:52 - Available workers: 0, Pending requests: 0
2026-05-31 17:39:40.417 | INFO     | __main__:_print_stats:52 - Available workers: 0, Pending requests: 0
2026-05-31 17:39:45.423 | INFO     | __main__:_print_stats:52 - Available workers: 0, Pending requests: 0
2026-05-31 17:39:50.428 | INFO     | __main__:_print_stats:52 - Available workers: 0, Pending requests: 0
2026-05-31 17:39:55.430 | INFO     | __main__:_print_stats:52 - Available workers: 0, Pending requests: 0
2026-05-31 17:40:00.435 | INFO     | __main__:_print_stats:52 - Available workers: 0, Pending requests: 0
2026-05-31 17:40:05.441 | INFO     | __main__:_print_stats:52 - Available workers: 0, Pending requests: 0
2026-05-31 17:40:10.447 | INFO     | __main__:_print_stats:52 - Available workers: 0, Pending requests: 0
2026-05-31 17:40:15.451 | INFO     | __main__:_print_stats:52 - Available workers: 0, Pending requests: 0
2026-05-31 17:40:20.456 | INFO     | __main__:_print_stats:52 - Available workers: 0, Pending requests: 0
2026-05-31 17:40:25.458 | INFO     | __main__:_print_stats:52 - Available workers: 0, Pending requests: 0
2026-05-31 17:40:30.462 | INFO     | __main__:_print_stats:52 - Available workers: 0, Pending requests: 0
2026-05-31 17:40:35.468 | INFO     | __main__:_print_stats:52 - Available workers: 0, Pending requests: 0
2026-05-31 17:40:40.469 | INFO     | __main__:_print_stats:52 - Available workers: 0, Pending requests: 0
2026-05-31 17:40:45.474 | INFO     | __main__:_print_stats:52 - Available workers: 0, Pending requests: 0
2026-05-31 17:40:50.480 | INFO     | __main__:_print_stats:52 - Available workers: 0, Pending requests: 0
2026-05-31 17:40:55.482 | INFO     | __main__:_print_stats:52 - Available workers: 0, Pending requests: 0
2026-05-31 17:41:00.488 | INFO     | __main__:_print_stats:52 - Available workers: 0, Pending requests: 0
2026-05-31 17:41:05.493 | INFO     | __main__:_print_stats:52 - Available workers: 0, Pending requests: 0
2026-05-31 17:41:10.498 | INFO     | __main__:_print_stats:52 - Available workers: 0, Pending requests: 0
2026-05-31 17:41:15.503 | INFO     | __main__:_print_stats:52 - Available workers: 0, Pending requests: 0
2026-05-31 17:41:20.509 | INFO     | __main__:_print_stats:52 - Available workers: 0, Pending requests: 0
2026-05-31 17:41:25.511 | INFO     | __main__:_print_stats:52 - Available workers: 0, Pending requests: 0
2026-05-31 17:41:30.517 | INFO     | __main__:_print_stats:52 - Available workers: 0, Pending requests: 0
2026-05-31 17:41:35.522 | INFO     | __main__:_print_stats:52 - Available workers: 0, Pending requests: 0
2026-05-31 17:41:40.528 | INFO     | __main__:_print_stats:52 - Available workers: 0, Pending requests: 0
2026-05-31 17:41:45.534 | INFO     | __main__:_print_stats:52 - Available workers: 0, Pending requests: 0
2026-05-31 17:41:50.539 | INFO     | __main__:_print_stats:52 - Available workers: 0, Pending requests: 0
2026-05-31 17:41:55.541 | INFO     | __main__:_print_stats:52 - Available workers: 0, Pending requests: 0
2026-05-31 17:42:00.547 | INFO     | __main__:_print_stats:52 - Available workers: 0, Pending requests: 0
2026-05-31 17:42:05.553 | INFO     | __main__:_print_stats:52 - Available workers: 0, Pending requests: 0
2026-05-31 17:42:10.556 | INFO     | __main__:_print_stats:52 - Available workers: 0, Pending requests: 0
2026-05-31 17:42:15.560 | INFO     | __main__:_print_stats:52 - Available workers: 0, Pending requests: 0
2026-05-31 17:42:20.566 | INFO     | __main__:_print_stats:52 - Available workers: 0, Pending requests: 0
2026-05-31 17:42:25.568 | INFO     | __main__:_print_stats:52 - Available workers: 0, Pending requests: 0
2026-05-31 17:42:30.574 | INFO     | __main__:_print_stats:52 - Available workers: 0, Pending requests: 0
2026-05-31 17:42:35.579 | INFO     | __main__:_print_stats:52 - Available workers: 0, Pending requests: 0
2026-05-31 17:42:40.585 | INFO     | __main__:_print_stats:52 - Available workers: 0, Pending requests: 0
2026-05-31 17:42:45.586 | INFO     | __main__:_print_stats:52 - Available workers: 0, Pending requests: 0
2026-05-31 17:42:50.590 | INFO     | __main__:_print_stats:52 - Available workers: 0, Pending requests: 0
2026-05-31 17:42:55.592 | INFO     | __main__:_print_stats:52 - Available workers: 0, Pending requests: 0
2026-05-31 17:43:00.594 | INFO     | __main__:_print_stats:52 - Available workers: 0, Pending requests: 0
2026-05-31 17:43:05.600 | INFO     | __main__:_print_stats:52 - Available workers: 0, Pending requests: 0
2026-05-31 17:43:10.605 | INFO     | __main__:_print_stats:52 - Available workers: 0, Pending requests: 0
2026-05-31 17:43:15.610 | INFO     | __main__:_print_stats:52 - Available workers: 0, Pending requests: 0
2026-05-31 17:43:20.613 | INFO     | __main__:_print_stats:52 - Available workers: 0, Pending requests: 0
2026-05-31 17:43:25.615 | INFO     | __main__:_print_stats:52 - Available workers: 0, Pending requests: 0
2026-05-31 17:43:30.620 | INFO     | __main__:_print_stats:52 - Available workers: 0, Pending requests: 0
2026-05-31 17:43:35.623 | INFO     | __main__:_print_stats:52 - Available workers: 0, Pending requests: 0
2026-05-31 17:43:40.629 | INFO     | __main__:_print_stats:52 - Available workers: 0, Pending requests: 0
2026-05-31 17:43:45.634 | INFO     | __main__:_print_stats:52 - Available workers: 0, Pending requests: 0
2026-05-31 17:43:50.639 | INFO     | __main__:_print_stats:52 - Available workers: 0, Pending requests: 0
2026-05-31 17:43:55.641 | INFO     | __main__:_print_stats:52 - Available workers: 0, Pending requests: 0
2026-05-31 17:44:00.647 | INFO     | __main__:_print_stats:52 - Available workers: 0, Pending requests: 0
2026-05-31 17:44:05.652 | INFO     | __main__:_print_stats:52 - Available workers: 0, Pending requests: 0
2026-05-31 17:44:10.658 | INFO     | __main__:_print_stats:52 - Available workers: 0, Pending requests: 0
2026-05-31 17:44:15.662 | INFO     | __main__:_print_stats:52 - Available workers: 0, Pending requests: 0
2026-05-31 17:44:20.667 | INFO     | __main__:_print_stats:52 - Available workers: 0, Pending requests: 0
2026-05-31 17:44:25.670 | INFO     | __main__:_print_stats:52 - Available workers: 0, Pending requests: 0
2026-05-31 17:44:30.675 | INFO     | __main__:_print_stats:52 - Available workers: 0, Pending requests: 0
2026-05-31 17:44:35.681 | INFO     | __main__:_print_stats:52 - Available workers: 0, Pending requests: 0
2026-05-31 17:44:40.687 | INFO     | __main__:_print_stats:52 - Available workers: 0, Pending requests: 0
2026-05-31 17:44:45.692 | INFO     | __main__:_print_stats:52 - Available workers: 0, Pending requests: 0
2026-05-31 17:44:50.697 | INFO     | __main__:_print_stats:52 - Available workers: 0, Pending requests: 0
2026-05-31 17:44:55.700 | INFO     | __main__:_print_stats:52 - Available workers: 0, Pending requests: 0
2026-05-31 17:45:00.705 | INFO     | __main__:_print_stats:52 - Available workers: 0, Pending requests: 0
2026-05-31 17:45:05.710 | INFO     | __main__:_print_stats:52 - Available workers: 0, Pending requests: 0
2026-05-31 17:45:10.716 | INFO     | __main__:_print_stats:52 - Available workers: 0, Pending requests: 0
2026-05-31 17:45:15.716 | INFO     | __main__:_print_stats:52 - Available workers: 0, Pending requests: 0
2026-05-31 17:45:20.719 | INFO     | __main__:_print_stats:52 - Available workers: 0, Pending requests: 0
2026-05-31 17:45:25.721 | INFO     | __main__:_print_stats:52 - Available workers: 0, Pending requests: 0
2026-05-31 17:45:30.727 | INFO     | __main__:_print_stats:52 - Available workers: 0, Pending requests: 0
2026-05-31 17:45:35.729 | INFO     | __main__:_print_stats:52 - Available workers: 0, Pending requests: 0
2026-05-31 17:45:40.730 | INFO     | __main__:_print_stats:52 - Available workers: 0, Pending requests: 0
2026-05-31 17:45:45.734 | INFO     | __main__:_print_stats:52 - Available workers: 0, Pending requests: 0
2026-05-31 17:45:50.740 | INFO     | __main__:_print_stats:52 - Available workers: 0, Pending requests: 0
2026-05-31 17:45:55.741 | INFO     | __main__:_print_stats:52 - Available workers: 0, Pending requests: 0
2026-05-31 17:46:00.747 | INFO     | __main__:_print_stats:52 - Available workers: 0, Pending requests: 0
2026-05-31 17:46:05.753 | INFO     | __main__:_print_stats:52 - Available workers: 0, Pending requests: 0
2026-05-31 17:46:10.758 | INFO     | __main__:_print_stats:52 - Available workers: 0, Pending requests: 0
2026-05-31 17:46:15.763 | INFO     | __main__:_print_stats:52 - Available workers: 0, Pending requests: 0
2026-05-31 17:46:20.769 | INFO     | __main__:_print_stats:52 - Available workers: 0, Pending requests: 0
2026-05-31 17:46:25.771 | INFO     | __main__:_print_stats:52 - Available workers: 0, Pending requests: 0
2026-05-31 17:46:30.777 | INFO     | __main__:_print_stats:52 - Available workers: 0, Pending requests: 0
2026-05-31 17:46:35.783 | INFO     | __main__:_print_stats:52 - Available workers: 0, Pending requests: 0
2026-05-31 17:46:40.789 | INFO     | __main__:_print_stats:52 - Available workers: 0, Pending requests: 0
2026-05-31 17:46:44.534 | WARNING  | __main__:handle_exit_signal:267 - Received stop signal (SIGTERM/SIGINT). Initiating broker graceful shutdown...
2026-05-31 17:46:44.535 | INFO     | __main__:run:239 - Shutdown signal received...
2026-05-31 17:46:44.543 | INFO     | __main__:run:244 - Stopped consuming new requests.
2026-05-31 17:46:44.543 | INFO     | __main__:run:250 - Broker worker shut down gracefully.
2026-05-31 17:46:44.543 | INFO     | __main__:main:280 - Cleaning up resources...
2026-05-31 17:46:44.545 | INFO     | __main__:_print_stats:58 - Print stats loop stopped.
2026-05-31 17:46:44.554 | INFO     | src.modules.mq_connection_manager:close:49 - RabbitMQ connection closed gracefully.
2026-05-31 17:46:44.560 | INFO     | __main__:<module>:290 - Broker process completely stopped.
